// Jest Snapshot v1, https://goo.gl/fbAQLP

exports[`pruebas primera APP debe de mostrar CounterApp correctamente  1`] = `
<Fragment>
  <h1>
    Counter App
  </h1>
  <h2>
    0
  </h2>
  <button
    onClick={[Function]}
  >
    -1
  </button>
  <button
    onClick={[Function]}
  >
    reset
  </button>
  <button
    onClick={[Function]}
  >
    +1
  </button>
</Fragment>
`;
